[2025-10-03 00:41:00] Email sent successfully using SMTP
To: admin@example.com
Subject: Invoice for Order #87 - ASO Online Market


[2025-10-03 00:46:19] Email sent successfully using SMTP
To: admin@example.com
Subject: Order Confirmation #ORD-000088 - ASO Online Market


[2025-10-03 08:31:43] Email sent successfully using SMTP
To: admin@example.com
Subject: Order Confirmation #ORD-1759473066-68df6daa47b13 - ASO Online Market


[2025-10-03 08:32:44] Email sent successfully using SMTP
To: admin@example.com
Subject: Order Confirmation #ORD-1759473157-68df6e05d4fcd - ASO Online Market


[2025-10-03 08:37:38] Email sent successfully using SMTP
To: admin@example.com
Subject: Order Confirmation #ORD-1759473452-68df6f2c24e24 - ASO Online Market


[2025-10-03 08:43:24] Email sent successfully using SMTP
To: admin@example.com
Subject: Order Confirmation #ORD-1759473637-68df6fe50582e - ASO Online Market


[2025-10-03 08:43:38] Email sent successfully using SMTP
To: admin@example.com
Subject: Order Confirmation #ORD-1759473637-68df6fe50582e - ASO Online Market


[2025-10-03 09:00:49] Email sent successfully using SMTP
To: admin@example.com
Subject: Order Confirmation #COD-1759474843-68df749b4ae92 - ASO Online Market


[2025-10-03 09:05:27] Email sent successfully using SMTP
To: admin@example.com
Subject: Order Confirmation #ORD-1759474870-68df74b69783c - ASO Online Market


[2025-10-03 09:06:08] Email sent successfully using SMTP
To: admin@example.com
Subject: Order Confirmation #ORD-1759475152-68df75d06247b - ASO Online Market


